// Jest Snapshot v1, https://goo.gl/fbAQLP

exports[`renders correctly 1`] = `
<div
  style={
    Object {
      "display": "flex",
      "flexDirection": "column",
      "maxHeight": "100%",
    }
  }
>
  <header
    className="MuiPaper-root-12 MuiPaper-elevation4-18 MuiAppBar-root-4 MuiAppBar-positionStatic-8 MuiAppBar-colorPrimary-10"
  >
    <div
      className="MuiToolbar-root-39 MuiToolbar-gutters-40"
    >
      <div
        className="MuiGrid-container-41 MuiGrid-spacing-xs-8-62"
      >
        <div
          className="MuiGrid-item-42 MuiGrid-grid-xs-8-74 MuiGrid-grid-sm-10-89"
        >
          <h1
            className="MuiTypography-root-131 MuiTypography-display1-135 MuiTypography-colorSecondary-152"
          >
            Spotify fetcher
          </h1>
        </div>
        <div
          className="MuiGrid-item-42 MuiGrid-grid-xs-4-70 MuiGrid-grid-sm-2-81 Appbar-linkGroup-2"
        >
          <a
            aria-current={false}
            className="Appbar-link-1"
            href="/"
            onClick={[Function]}
            style={undefined}
          >
            Home
          </a>
             
          <a
            aria-current={false}
            className="Appbar-link-1"
            href="/about"
            onClick={[Function]}
            style={undefined}
          >
            About
          </a>
        </div>
      </div>
    </div>
  </header>
  <div
    className="MuiGrid-container-41 AlbumView-root-155"
  >
    <div
      className="MuiGrid-item-42 MuiGrid-grid-xs-12-78 MuiGrid-grid-sm-4-83 MuiGrid-grid-md-3-95 AlbumView-left-157"
    >
      <div
        className="MuiPaper-root-12 MuiPaper-elevation2-16 MuiPaper-rounded-13 AlbumView-paperInfo-160"
      >
        <button
          className="MuiButtonBase-root-177 MuiButton-root-162 AlbumView-goBack-158"
          disabled={false}
          onBlur={[Function]}
          onClick={[Function]}
          onFocus={[Function]}
          onKeyDown={[Function]}
          onKeyUp={[Function]}
          onMouseDown={[Function]}
          onMouseLeave={[Function]}
          onMouseUp={[Function]}
          onTouchEnd={[Function]}
          onTouchMove={[Function]}
          onTouchStart={[Function]}
          tabIndex="0"
          type="button"
        >
          <span
            className="MuiButton-label-163"
          >
            <svg
              aria-hidden="true"
              className="MuiSvgIcon-root-179"
              color={undefined}
              focusable="false"
              viewBox="0 0 24 24"
            >
              <path
                d="M20 11H7.83l5.59-5.59L12 4l-8 8 8 8 1.41-1.41L7.83 13H20v-2z"
              />
            </svg>
          </span>
          <span
            className="MuiTouchRipple-root-185"
          />
        </button>
        <img
          alt="Ipséité album"
          className="AlbumView-albumImg-161"
          src="https://i.scdn.co/image/2b0545ca873f01d21841dc3f192b7317be9bf3c3"
        />
         
        <h1
          className="MuiTypography-root-131 MuiTypography-display1-135 AlbumView-albumTitle-156"
        >
          Ipséité
        </h1>
         
        <div>
          <button
            className="MuiButtonBase-root-177 MuiButton-root-162"
            disabled={false}
            onBlur={[Function]}
            onClick={[Function]}
            onFocus={[Function]}
            onKeyDown={[Function]}
            onKeyUp={[Function]}
            onMouseDown={[Function]}
            onMouseLeave={[Function]}
            onMouseUp={[Function]}
            onTouchEnd={[Function]}
            onTouchMove={[Function]}
            onTouchStart={[Function]}
            tabIndex="0"
            type="button"
          >
            <span
              className="MuiButton-label-163"
            >
              <span
                className="MuiTypography-root-131 MuiTypography-caption-141"
              >
                Damso
                
              </span>
            </span>
            <span
              className="MuiTouchRipple-root-185"
            />
          </button>
        </div>
        <span
          className="MuiTypography-root-131 MuiTypography-caption-141"
        >
          2017 - 
          14 tracks
        </span>
        <span
          className="MuiTypography-root-131 MuiTypography-caption-141"
        >
          AZ
        </span>
      </div>
    </div>
    <div
      className="MuiGrid-item-42 MuiGrid-grid-xs-12-78 MuiGrid-grid-sm-8-87 MuiGrid-grid-md-9-101 AlbumView-right-159"
    >
      <ul
        className="MuiList-root-193 TracksList-root-192"
      >
        <li
          className="MuiListItem-root-197 MuiListItem-default-200 MuiListItem-gutters-204"
          disabled={false}
        >
          <div
            className="MuiListItemText-root-207"
          >
            <h3
              className="MuiTypography-root-131 MuiTypography-subheading-138 MuiListItemText-primary-210"
            >
              Disc 
              1
            </h3>
          </div>
        </li>
        <li
          className="MuiListItem-root-197 MuiListItem-default-200 MuiListItem-gutters-204"
          disabled={false}
        >
          <ul
            className="MuiList-root-193 TracksList-root-192"
          >
            <li
              className="MuiListItem-root-197 MuiListItem-default-200 MuiListItem-gutters-204"
              disabled={false}
            >
              <div
                className="MuiGrid-container-41"
              >
                <div
                  className="MuiGrid-item-42 MuiGrid-grid-xs-1-67"
                >
                  <h2
                    className="MuiTypography-root-131 MuiTypography-title-137"
                  >
                    #
                  </h2>
                </div>
                <div
                  className="MuiGrid-item-42 MuiGrid-grid-xs-8-74"
                >
                  <h2
                    className="MuiTypography-root-131 MuiTypography-title-137"
                  >
                    Name
                  </h2>
                </div>
              </div>
            </li>
            <hr
              className="MuiDivider-root-213"
            />
            <li
              className="MuiListItem-root-197 MuiListItem-default-200 MuiListItem-gutters-204"
              disabled={false}
            >
              <div
                className="MuiGrid-container-41"
              >
                <div
                  className="MuiGrid-item-42 MuiGrid-grid-xs-1-67"
                >
                  <h3
                    className="MuiTypography-root-131 MuiTypography-subheading-138"
                  >
                    1
                  </h3>
                </div>
                <div
                  className="MuiGrid-item-42 MuiGrid-grid-xs-8-74"
                >
                  <h3
                    className="MuiTypography-root-131 MuiTypography-subheading-138"
                  >
                    Α. Nwaar Is The New Black
                  </h3>
                </div>
                <div
                  className="MuiGrid-item-42 MuiGrid-grid-xs-2-68"
                >
                  <h3
                    className="MuiTypography-root-131 MuiTypography-subheading-138"
                  >
                    02
                     : 
                    04
                  </h3>
                </div>
                <div
                  className="MuiGrid-item-42 MuiGrid-grid-xs-1-67"
                >
                  <a
                    href="https://open.spotify.com/track/34iEMu8pGMHsZtNqAoyVZD"
                    style={
                      Object {
                        "color": "black",
                      }
                    }
                  >
                    <svg
                      aria-hidden="true"
                      className="MuiSvgIcon-root-179"
                      color={undefined}
                      focusable="false"
                      viewBox="0 0 24 24"
                    >
                      <path
                        d="M6 10c-1.1 0-2 .9-2 2s.9 2 2 2 2-.9 2-2-.9-2-2-2zm12 0c-1.1 0-2 .9-2 2s.9 2 2 2 2-.9 2-2-.9-2-2-2zm-6 0c-1.1 0-2 .9-2 2s.9 2 2 2 2-.9 2-2-.9-2-2-2z"
                      />
                    </svg>
                  </a>
                </div>
              </div>
            </li>
            <hr
              className="MuiDivider-root-213"
            />
            <li
              className="MuiListItem-root-197 MuiListItem-default-200 MuiListItem-gutters-204"
              disabled={false}
            >
              <div
                className="MuiGrid-container-41"
              >
                <div
                  className="MuiGrid-item-42 MuiGrid-grid-xs-1-67"
                >
                  <h3
                    className="MuiTypography-root-131 MuiTypography-subheading-138"
                  >
                    2
                  </h3>
                </div>
                <div
                  className="MuiGrid-item-42 MuiGrid-grid-xs-8-74"
                >
                  <h3
                    className="MuiTypography-root-131 MuiTypography-subheading-138"
                  >
                    B. #QuedusaalVie
                  </h3>
                </div>
                <div
                  className="MuiGrid-item-42 MuiGrid-grid-xs-2-68"
                >
                  <h3
                    className="MuiTypography-root-131 MuiTypography-subheading-138"
                  >
                    04
                     : 
                    05
                  </h3>
                </div>
                <div
                  className="MuiGrid-item-42 MuiGrid-grid-xs-1-67"
                >
                  <a
                    href="https://open.spotify.com/track/7xNP9UhpmWFFp2jFuYGM3m"
                    style={
                      Object {
                        "color": "black",
                      }
                    }
                  >
                    <svg
                      aria-hidden="true"
                      className="MuiSvgIcon-root-179"
                      color={undefined}
                      focusable="false"
                      viewBox="0 0 24 24"
                    >
                      <path
                        d="M6 10c-1.1 0-2 .9-2 2s.9 2 2 2 2-.9 2-2-.9-2-2-2zm12 0c-1.1 0-2 .9-2 2s.9 2 2 2 2-.9 2-2-.9-2-2-2zm-6 0c-1.1 0-2 .9-2 2s.9 2 2 2 2-.9 2-2-.9-2-2-2z"
                      />
                    </svg>
                  </a>
                </div>
              </div>
            </li>
            <hr
              className="MuiDivider-root-213"
            />
            <li
              className="MuiListItem-root-197 MuiListItem-default-200 MuiListItem-gutters-204"
              disabled={false}
            >
              <div
                className="MuiGrid-container-41"
              >
                <div
                  className="MuiGrid-item-42 MuiGrid-grid-xs-1-67"
                >
                  <h3
                    className="MuiTypography-root-131 MuiTypography-subheading-138"
                  >
                    3
                  </h3>
                </div>
                <div
                  className="MuiGrid-item-42 MuiGrid-grid-xs-8-74"
                >
                  <h3
                    className="MuiTypography-root-131 MuiTypography-subheading-138"
                  >
                    Γ. Mosaïque solitaire
                  </h3>
                </div>
                <div
                  className="MuiGrid-item-42 MuiGrid-grid-xs-2-68"
                >
                  <h3
                    className="MuiTypography-root-131 MuiTypography-subheading-138"
                  >
                    05
                     : 
                    06
                  </h3>
                </div>
                <div
                  className="MuiGrid-item-42 MuiGrid-grid-xs-1-67"
                >
                  <a
                    href="https://open.spotify.com/track/7wFK2ReVQpq80IAGs6eI1l"
                    style={
                      Object {
                        "color": "black",
                      }
                    }
                  >
                    <svg
                      aria-hidden="true"
                      className="MuiSvgIcon-root-179"
                      color={undefined}
                      focusable="false"
                      viewBox="0 0 24 24"
                    >
                      <path
                        d="M6 10c-1.1 0-2 .9-2 2s.9 2 2 2 2-.9 2-2-.9-2-2-2zm12 0c-1.1 0-2 .9-2 2s.9 2 2 2 2-.9 2-2-.9-2-2-2zm-6 0c-1.1 0-2 .9-2 2s.9 2 2 2 2-.9 2-2-.9-2-2-2z"
                      />
                    </svg>
                  </a>
                </div>
              </div>
            </li>
            <hr
              className="MuiDivider-root-213"
            />
            <li
              className="MuiListItem-root-197 MuiListItem-default-200 MuiListItem-gutters-204"
              disabled={false}
            >
              <div
                className="MuiGrid-container-41"
              >
                <div
                  className="MuiGrid-item-42 MuiGrid-grid-xs-1-67"
                >
                  <h3
                    className="MuiTypography-root-131 MuiTypography-subheading-138"
                  >
                    4
                  </h3>
                </div>
                <div
                  className="MuiGrid-item-42 MuiGrid-grid-xs-8-74"
                >
                  <h3
                    className="MuiTypography-root-131 MuiTypography-subheading-138"
                  >
                    Δ. Dieu ne ment jamais
                  </h3>
                </div>
                <div
                  className="MuiGrid-item-42 MuiGrid-grid-xs-2-68"
                >
                  <h3
                    className="MuiTypography-root-131 MuiTypography-subheading-138"
                  >
                    03
                     : 
                    19
                  </h3>
                </div>
                <div
                  className="MuiGrid-item-42 MuiGrid-grid-xs-1-67"
                >
                  <a
                    href="https://open.spotify.com/track/6YWjskKykdPsBuiTBOg1VK"
                    style={
                      Object {
                        "color": "black",
                      }
                    }
                  >
                    <svg
                      aria-hidden="true"
                      className="MuiSvgIcon-root-179"
                      color={undefined}
                      focusable="false"
                      viewBox="0 0 24 24"
                    >
                      <path
                        d="M6 10c-1.1 0-2 .9-2 2s.9 2 2 2 2-.9 2-2-.9-2-2-2zm12 0c-1.1 0-2 .9-2 2s.9 2 2 2 2-.9 2-2-.9-2-2-2zm-6 0c-1.1 0-2 .9-2 2s.9 2 2 2 2-.9 2-2-.9-2-2-2z"
                      />
                    </svg>
                  </a>
                </div>
              </div>
            </li>
            <hr
              className="MuiDivider-root-213"
            />
            <li
              className="MuiListItem-root-197 MuiListItem-default-200 MuiListItem-gutters-204"
              disabled={false}
            >
              <div
                className="MuiGrid-container-41"
              >
                <div
                  className="MuiGrid-item-42 MuiGrid-grid-xs-1-67"
                >
                  <h3
                    className="MuiTypography-root-131 MuiTypography-subheading-138"
                  >
                    5
                  </h3>
                </div>
                <div
                  className="MuiGrid-item-42 MuiGrid-grid-xs-8-74"
                >
                  <h3
                    className="MuiTypography-root-131 MuiTypography-subheading-138"
                  >
                    Ε. Signaler
                  </h3>
                </div>
                <div
                  className="MuiGrid-item-42 MuiGrid-grid-xs-2-68"
                >
                  <h3
                    className="MuiTypography-root-131 MuiTypography-subheading-138"
                  >
                    03
                     : 
                    22
                  </h3>
                </div>
                <div
                  className="MuiGrid-item-42 MuiGrid-grid-xs-1-67"
                >
                  <a
                    href="https://open.spotify.com/track/0z0izoGFPCoPJKFi41azyb"
                    style={
                      Object {
                        "color": "black",
                      }
                    }
                  >
                    <svg
                      aria-hidden="true"
                      className="MuiSvgIcon-root-179"
                      color={undefined}
                      focusable="false"
                      viewBox="0 0 24 24"
                    >
                      <path
                        d="M6 10c-1.1 0-2 .9-2 2s.9 2 2 2 2-.9 2-2-.9-2-2-2zm12 0c-1.1 0-2 .9-2 2s.9 2 2 2 2-.9 2-2-.9-2-2-2zm-6 0c-1.1 0-2 .9-2 2s.9 2 2 2 2-.9 2-2-.9-2-2-2z"
                      />
                    </svg>
                  </a>
                </div>
              </div>
            </li>
            <hr
              className="MuiDivider-root-213"
            />
            <li
              className="MuiListItem-root-197 MuiListItem-default-200 MuiListItem-gutters-204"
              disabled={false}
            >
              <div
                className="MuiGrid-container-41"
              >
                <div
                  className="MuiGrid-item-42 MuiGrid-grid-xs-1-67"
                >
                  <h3
                    className="MuiTypography-root-131 MuiTypography-subheading-138"
                  >
                    6
                  </h3>
                </div>
                <div
                  className="MuiGrid-item-42 MuiGrid-grid-xs-8-74"
                >
                  <h3
                    className="MuiTypography-root-131 MuiTypography-subheading-138"
                  >
                    Ζ. Kietu
                  </h3>
                </div>
                <div
                  className="MuiGrid-item-42 MuiGrid-grid-xs-2-68"
                >
                  <h3
                    className="MuiTypography-root-131 MuiTypography-subheading-138"
                  >
                    03
                     : 
                    52
                  </h3>
                </div>
                <div
                  className="MuiGrid-item-42 MuiGrid-grid-xs-1-67"
                >
                  <a
                    href="https://open.spotify.com/track/05w1S3f4G9ulCktPrygay4"
                    style={
                      Object {
                        "color": "black",
                      }
                    }
                  >
                    <svg
                      aria-hidden="true"
                      className="MuiSvgIcon-root-179"
                      color={undefined}
                      focusable="false"
                      viewBox="0 0 24 24"
                    >
                      <path
                        d="M6 10c-1.1 0-2 .9-2 2s.9 2 2 2 2-.9 2-2-.9-2-2-2zm12 0c-1.1 0-2 .9-2 2s.9 2 2 2 2-.9 2-2-.9-2-2-2zm-6 0c-1.1 0-2 .9-2 2s.9 2 2 2 2-.9 2-2-.9-2-2-2z"
                      />
                    </svg>
                  </a>
                </div>
              </div>
            </li>
            <hr
              className="MuiDivider-root-213"
            />
            <li
              className="MuiListItem-root-197 MuiListItem-default-200 MuiListItem-gutters-204"
              disabled={false}
            >
              <div
                className="MuiGrid-container-41"
              >
                <div
                  className="MuiGrid-item-42 MuiGrid-grid-xs-1-67"
                >
                  <h3
                    className="MuiTypography-root-131 MuiTypography-subheading-138"
                  >
                    7
                  </h3>
                </div>
                <div
                  className="MuiGrid-item-42 MuiGrid-grid-xs-8-74"
                >
                  <h3
                    className="MuiTypography-root-131 MuiTypography-subheading-138"
                  >
                    Η. Gova
                  </h3>
                </div>
                <div
                  className="MuiGrid-item-42 MuiGrid-grid-xs-2-68"
                >
                  <h3
                    className="MuiTypography-root-131 MuiTypography-subheading-138"
                  >
                    03
                     : 
                    17
                  </h3>
                </div>
                <div
                  className="MuiGrid-item-42 MuiGrid-grid-xs-1-67"
                >
                  <a
                    href="https://open.spotify.com/track/4LDCalloaDBsmhBk3BYP4a"
                    style={
                      Object {
                        "color": "black",
                      }
                    }
                  >
                    <svg
                      aria-hidden="true"
                      className="MuiSvgIcon-root-179"
                      color={undefined}
                      focusable="false"
                      viewBox="0 0 24 24"
                    >
                      <path
                        d="M6 10c-1.1 0-2 .9-2 2s.9 2 2 2 2-.9 2-2-.9-2-2-2zm12 0c-1.1 0-2 .9-2 2s.9 2 2 2 2-.9 2-2-.9-2-2-2zm-6 0c-1.1 0-2 .9-2 2s.9 2 2 2 2-.9 2-2-.9-2-2-2z"
                      />
                    </svg>
                  </a>
                </div>
              </div>
            </li>
            <hr
              className="MuiDivider-root-213"
            />
            <li
              className="MuiListItem-root-197 MuiListItem-default-200 MuiListItem-gutters-204"
              disabled={false}
            >
              <div
                className="MuiGrid-container-41"
              >
                <div
                  className="MuiGrid-item-42 MuiGrid-grid-xs-1-67"
                >
                  <h3
                    className="MuiTypography-root-131 MuiTypography-subheading-138"
                  >
                    8
                  </h3>
                </div>
                <div
                  className="MuiGrid-item-42 MuiGrid-grid-xs-8-74"
                >
                  <h3
                    className="MuiTypography-root-131 MuiTypography-subheading-138"
                  >
                    Θ. Macarena
                  </h3>
                </div>
                <div
                  className="MuiGrid-item-42 MuiGrid-grid-xs-2-68"
                >
                  <h3
                    className="MuiTypography-root-131 MuiTypography-subheading-138"
                  >
                    03
                     : 
                    27
                  </h3>
                </div>
                <div
                  className="MuiGrid-item-42 MuiGrid-grid-xs-1-67"
                >
                  <a
                    href="https://open.spotify.com/track/2ewjMyCbNv2X1dB2qIDCwD"
                    style={
                      Object {
                        "color": "black",
                      }
                    }
                  >
                    <svg
                      aria-hidden="true"
                      className="MuiSvgIcon-root-179"
                      color={undefined}
                      focusable="false"
                      viewBox="0 0 24 24"
                    >
                      <path
                        d="M6 10c-1.1 0-2 .9-2 2s.9 2 2 2 2-.9 2-2-.9-2-2-2zm12 0c-1.1 0-2 .9-2 2s.9 2 2 2 2-.9 2-2-.9-2-2-2zm-6 0c-1.1 0-2 .9-2 2s.9 2 2 2 2-.9 2-2-.9-2-2-2z"
                      />
                    </svg>
                  </a>
                </div>
              </div>
            </li>
            <hr
              className="MuiDivider-root-213"
            />
            <li
              className="MuiListItem-root-197 MuiListItem-default-200 MuiListItem-gutters-204"
              disabled={false}
            >
              <div
                className="MuiGrid-container-41"
              >
                <div
                  className="MuiGrid-item-42 MuiGrid-grid-xs-1-67"
                >
                  <h3
                    className="MuiTypography-root-131 MuiTypography-subheading-138"
                  >
                    9
                  </h3>
                </div>
                <div
                  className="MuiGrid-item-42 MuiGrid-grid-xs-8-74"
                >
                  <h3
                    className="MuiTypography-root-131 MuiTypography-subheading-138"
                  >
                    Ι. Peur d'être père
                  </h3>
                </div>
                <div
                  className="MuiGrid-item-42 MuiGrid-grid-xs-2-68"
                >
                  <h3
                    className="MuiTypography-root-131 MuiTypography-subheading-138"
                  >
                    03
                     : 
                    25
                  </h3>
                </div>
                <div
                  className="MuiGrid-item-42 MuiGrid-grid-xs-1-67"
                >
                  <a
                    href="https://open.spotify.com/track/10CJ0c1v7m9PiPVyieJ0hG"
                    style={
                      Object {
                        "color": "black",
                      }
                    }
                  >
                    <svg
                      aria-hidden="true"
                      className="MuiSvgIcon-root-179"
                      color={undefined}
                      focusable="false"
                      viewBox="0 0 24 24"
                    >
                      <path
                        d="M6 10c-1.1 0-2 .9-2 2s.9 2 2 2 2-.9 2-2-.9-2-2-2zm12 0c-1.1 0-2 .9-2 2s.9 2 2 2 2-.9 2-2-.9-2-2-2zm-6 0c-1.1 0-2 .9-2 2s.9 2 2 2 2-.9 2-2-.9-2-2-2z"
                      />
                    </svg>
                  </a>
                </div>
              </div>
            </li>
            <hr
              className="MuiDivider-root-213"
            />
            <li
              className="MuiListItem-root-197 MuiListItem-default-200 MuiListItem-gutters-204"
              disabled={false}
            >
              <div
                className="MuiGrid-container-41"
              >
                <div
                  className="MuiGrid-item-42 MuiGrid-grid-xs-1-67"
                >
                  <h3
                    className="MuiTypography-root-131 MuiTypography-subheading-138"
                  >
                    10
                  </h3>
                </div>
                <div
                  className="MuiGrid-item-42 MuiGrid-grid-xs-8-74"
                >
                  <h3
                    className="MuiTypography-root-131 MuiTypography-subheading-138"
                  >
                    Κ. Kin la belle
                  </h3>
                </div>
                <div
                  className="MuiGrid-item-42 MuiGrid-grid-xs-2-68"
                >
                  <h3
                    className="MuiTypography-root-131 MuiTypography-subheading-138"
                  >
                    03
                     : 
                    21
                  </h3>
                </div>
                <div
                  className="MuiGrid-item-42 MuiGrid-grid-xs-1-67"
                >
                  <a
                    href="https://open.spotify.com/track/6YuSiFqJP4MUo88RtUAfAX"
                    style={
                      Object {
                        "color": "black",
                      }
                    }
                  >
                    <svg
                      aria-hidden="true"
                      className="MuiSvgIcon-root-179"
                      color={undefined}
                      focusable="false"
                      viewBox="0 0 24 24"
                    >
                      <path
                        d="M6 10c-1.1 0-2 .9-2 2s.9 2 2 2 2-.9 2-2-.9-2-2-2zm12 0c-1.1 0-2 .9-2 2s.9 2 2 2 2-.9 2-2-.9-2-2-2zm-6 0c-1.1 0-2 .9-2 2s.9 2 2 2 2-.9 2-2-.9-2-2-2z"
                      />
                    </svg>
                  </a>
                </div>
              </div>
            </li>
            <hr
              className="MuiDivider-root-213"
            />
            <li
              className="MuiListItem-root-197 MuiListItem-default-200 MuiListItem-gutters-204"
              disabled={false}
            >
              <div
                className="MuiGrid-container-41"
              >
                <div
                  className="MuiGrid-item-42 MuiGrid-grid-xs-1-67"
                >
                  <h3
                    className="MuiTypography-root-131 MuiTypography-subheading-138"
                  >
                    11
                  </h3>
                </div>
                <div
                  className="MuiGrid-item-42 MuiGrid-grid-xs-8-74"
                >
                  <h3
                    className="MuiTypography-root-131 MuiTypography-subheading-138"
                  >
                    Λ. Lové
                  </h3>
                </div>
                <div
                  className="MuiGrid-item-42 MuiGrid-grid-xs-2-68"
                >
                  <h3
                    className="MuiTypography-root-131 MuiTypography-subheading-138"
                  >
                    03
                     : 
                    30
                  </h3>
                </div>
                <div
                  className="MuiGrid-item-42 MuiGrid-grid-xs-1-67"
                >
                  <a
                    href="https://open.spotify.com/track/0YHVHL8qSEH5BqZPd1njUz"
                    style={
                      Object {
                        "color": "black",
                      }
                    }
                  >
                    <svg
                      aria-hidden="true"
                      className="MuiSvgIcon-root-179"
                      color={undefined}
                      focusable="false"
                      viewBox="0 0 24 24"
                    >
                      <path
                        d="M6 10c-1.1 0-2 .9-2 2s.9 2 2 2 2-.9 2-2-.9-2-2-2zm12 0c-1.1 0-2 .9-2 2s.9 2 2 2 2-.9 2-2-.9-2-2-2zm-6 0c-1.1 0-2 .9-2 2s.9 2 2 2 2-.9 2-2-.9-2-2-2z"
                      />
                    </svg>
                  </a>
                </div>
              </div>
            </li>
            <hr
              className="MuiDivider-root-213"
            />
            <li
              className="MuiListItem-root-197 MuiListItem-default-200 MuiListItem-gutters-204"
              disabled={false}
            >
              <div
                className="MuiGrid-container-41"
              >
                <div
                  className="MuiGrid-item-42 MuiGrid-grid-xs-1-67"
                >
                  <h3
                    className="MuiTypography-root-131 MuiTypography-subheading-138"
                  >
                    12
                  </h3>
                </div>
                <div
                  className="MuiGrid-item-42 MuiGrid-grid-xs-8-74"
                >
                  <h3
                    className="MuiTypography-root-131 MuiTypography-subheading-138"
                  >
                    Μ. Noob Saibot
                  </h3>
                </div>
                <div
                  className="MuiGrid-item-42 MuiGrid-grid-xs-2-68"
                >
                  <h3
                    className="MuiTypography-root-131 MuiTypography-subheading-138"
                  >
                    03
                     : 
                    22
                  </h3>
                </div>
                <div
                  className="MuiGrid-item-42 MuiGrid-grid-xs-1-67"
                >
                  <a
                    href="https://open.spotify.com/track/505Rb1eFTYTSTwFeNQI2at"
                    style={
                      Object {
                        "color": "black",
                      }
                    }
                  >
                    <svg
                      aria-hidden="true"
                      className="MuiSvgIcon-root-179"
                      color={undefined}
                      focusable="false"
                      viewBox="0 0 24 24"
                    >
                      <path
                        d="M6 10c-1.1 0-2 .9-2 2s.9 2 2 2 2-.9 2-2-.9-2-2-2zm12 0c-1.1 0-2 .9-2 2s.9 2 2 2 2-.9 2-2-.9-2-2-2zm-6 0c-1.1 0-2 .9-2 2s.9 2 2 2 2-.9 2-2-.9-2-2-2z"
                      />
                    </svg>
                  </a>
                </div>
              </div>
            </li>
            <hr
              className="MuiDivider-root-213"
            />
            <li
              className="MuiListItem-root-197 MuiListItem-default-200 MuiListItem-gutters-204"
              disabled={false}
            >
              <div
                className="MuiGrid-container-41"
              >
                <div
                  className="MuiGrid-item-42 MuiGrid-grid-xs-1-67"
                >
                  <h3
                    className="MuiTypography-root-131 MuiTypography-subheading-138"
                  >
                    13
                  </h3>
                </div>
                <div
                  className="MuiGrid-item-42 MuiGrid-grid-xs-8-74"
                >
                  <h3
                    className="MuiTypography-root-131 MuiTypography-subheading-138"
                  >
                    N. J Respect R
                  </h3>
                </div>
                <div
                  className="MuiGrid-item-42 MuiGrid-grid-xs-2-68"
                >
                  <h3
                    className="MuiTypography-root-131 MuiTypography-subheading-138"
                  >
                    03
                     : 
                    37
                  </h3>
                </div>
                <div
                  className="MuiGrid-item-42 MuiGrid-grid-xs-1-67"
                >
                  <a
                    href="https://open.spotify.com/track/539zyjwDE87Cjp1mzRN8H7"
                    style={
                      Object {
                        "color": "black",
                      }
                    }
                  >
                    <svg
                      aria-hidden="true"
                      className="MuiSvgIcon-root-179"
                      color={undefined}
                      focusable="false"
                      viewBox="0 0 24 24"
                    >
                      <path
                        d="M6 10c-1.1 0-2 .9-2 2s.9 2 2 2 2-.9 2-2-.9-2-2-2zm12 0c-1.1 0-2 .9-2 2s.9 2 2 2 2-.9 2-2-.9-2-2-2zm-6 0c-1.1 0-2 .9-2 2s.9 2 2 2 2-.9 2-2-.9-2-2-2z"
                      />
                    </svg>
                  </a>
                </div>
              </div>
            </li>
            <hr
              className="MuiDivider-root-213"
            />
            <li
              className="MuiListItem-root-197 MuiListItem-default-200 MuiListItem-gutters-204"
              disabled={false}
            >
              <div
                className="MuiGrid-container-41"
              >
                <div
                  className="MuiGrid-item-42 MuiGrid-grid-xs-1-67"
                >
                  <h3
                    className="MuiTypography-root-131 MuiTypography-subheading-138"
                  >
                    14
                  </h3>
                </div>
                <div
                  className="MuiGrid-item-42 MuiGrid-grid-xs-8-74"
                >
                  <h3
                    className="MuiTypography-root-131 MuiTypography-subheading-138"
                  >
                    Ξ. Une âme pour deux
                  </h3>
                </div>
                <div
                  className="MuiGrid-item-42 MuiGrid-grid-xs-2-68"
                >
                  <h3
                    className="MuiTypography-root-131 MuiTypography-subheading-138"
                  >
                    03
                     : 
                    60
                  </h3>
                </div>
                <div
                  className="MuiGrid-item-42 MuiGrid-grid-xs-1-67"
                >
                  <a
                    href="https://open.spotify.com/track/395h3MnAkHiBl1bDsoAKTd"
                    style={
                      Object {
                        "color": "black",
                      }
                    }
                  >
                    <svg
                      aria-hidden="true"
                      className="MuiSvgIcon-root-179"
                      color={undefined}
                      focusable="false"
                      viewBox="0 0 24 24"
                    >
                      <path
                        d="M6 10c-1.1 0-2 .9-2 2s.9 2 2 2 2-.9 2-2-.9-2-2-2zm12 0c-1.1 0-2 .9-2 2s.9 2 2 2 2-.9 2-2-.9-2-2-2zm-6 0c-1.1 0-2 .9-2 2s.9 2 2 2 2-.9 2-2-.9-2-2-2z"
                      />
                    </svg>
                  </a>
                </div>
              </div>
            </li>
            <hr
              className="MuiDivider-root-213"
            />
          </ul>
        </li>
      </ul>
    </div>
  </div>
</div>
`;
